
[36m[1m   ╔═══════════════════════════════════════════════════╗
   ║[0m[35m[1m   ____                             __  __         [36m[1m║
   ║[0m[35m[1m  / __/___  ______ ___  ____       /  |/  /__ ____  [36m[1m║
   ║[0m[35m[1m _\ \/ -_) / __/ // / / -_) __/   / /|_/ / _ '/ _ \ [36m[1m║
   ║[0m[35m[1m/___/\__/ /_/  \_,_/  \__/_/     /_/  /_/\_,_/_//_/ [36m[1m║
   ║[0m[2m               Server Manager API v1.0              [36m[1m║
   ╚═══════════════════════════════════════════════════╝[0m
  [33m⏳ 初始化数据库...[0m
2026/03/09 22:39:55 Admin account forced reset: password=admin123, role=admin
2026/03/09 22:39:55 RSA: Loaded existing private key from data/private_key.pem
2026/03/09 22:39:55 Background Monitor started: Checking server health every 15s
  [32m✅ 数据库及监控初始化完成[0m

[2m   ┌──────────────────────────────────────────────┐[0m
[2m   │[0m[1m  📡  API Routes                               [2m│[0m
[2m   ├──────────────────────────────────────────────┤[0m
[2m   │[0m  [36m[1mPOST[0m [2m/api/auth/login           [0m 用户登录[2m[0m  [2m
[0m[2m   │[0m  [36m[1mPOST[0m [2m/api/auth/logout          [0m 退出登录[2m[0m  [2m
[0m[2m   │[0m  [33m[1mPUT [0m [2m/api/auth/password        [0m 修改密码[2m[0m  [2m
[0m[2m   │[0m  [32m[1mGET [0m [2m/api/servers              [0m 服务器列表[2m[0m  [2m
[0m[2m   │[0m  [36m[1mPOST[0m [2m/api/servers              [0m 添加服务器[2m[0m  [2m
[0m[2m   │[0m  [32m[1mGET [0m [2m/api/servers/stats/batch  [0m 批量状态[2m[0m  [2m
[0m[2m   │[0m  [32m[1mGET [0m [2m/api/servers/:id          [0m 服务器详情[2m[0m  [2m
[0m[2m   │[0m  [33m[1mPUT [0m [2m/api/servers/:id          [0m 更新服务器[2m[0m  [2m
[0m[2m   │[0m  [31m[1mDEL [0m [2m/api/servers/:id          [0m 删除服务器[2m[0m  [2m
[0m[2m   │[0m  [36m[1mPOST[0m [2m/api/servers/:id/test     [0m 测试连接[2m[0m  [2m
[0m[2m   │[0m  [32m[1mGET [0m [2m/api/servers/:id/stats    [0m 实时状态[2m[0m  [2m
[0m[2m   │[0m  [32m[1mGET [0m [2m/api/groups               [0m 分组列表[2m[0m  [2m
[0m[2m   │[0m  [36m[1mPOST[0m [2m/api/groups               [0m 创建分组[2m[0m  [2m
[0m[2m   │[0m  [33m[1mPUT [0m [2m/api/groups/:id           [0m 更新分组[2m[0m  [2m
[0m[2m   │[0m  [31m[1mDEL [0m [2m/api/groups/:id           [0m 删除分组[2m[0m  [2m
[0m[2m   │[0m  [32m[1mGET [0m [2m/api/auth/public-key      [0m 获取公钥[2m[0m  [2m
[0m[2m   │[0m  [32m[1mGET [0m [2m/api/admin/users          [0m 所有用户[2m[0m  [2m
[0m[2m   │[0m  [33m[1mPUT [0m [2m/api/admin/users/:uid     [0m 更新用户[2m[0m  [2m
[0m[2m   │[0m  [32m[1mGET [0m [2m/api/admin/users/:uid/servers[0m 用户服务器[2m[0m  [2m
[0m[2m   │[0m  [32m[1mGET [0m [2m/api/admin/system/info    [0m 系统信息[2m[0m  [2m
[0m[2m   │[0m  [35m[1mWS  [0m [2m/ws/servers/:id/terminal  [0m SSH 终端[2m[0m  [2m
[0m[2m   │[0m  [32m[1mGET [0m [2m/health                   [0m 健康检查[2m[0m  [2m
[0m[2m   └──────────────────────────────────────────────┘[0m

  [32m[1m🚀 Server Manager 已启动[0m
  [2m📍 监听地址: [0m[1m[36mhttp://localhost:8080[0m
  [2m📋 健康检查: [0m[36mhttp://localhost:8080/health[0m
  [2m⏱  启动时间: [0m[37m2026-03-09 22:39:55[0m

[2m  ─────────────────────────────────────────────────[0m
[2m  等待请求中...[0m

[2m  22:39:58[0m [32m[1mGET    [0m [32m[1m200[0m [32m 1.332ms[0m [2m/admin[0m
[2m  22:40:19[0m [32m[1mGET    [0m [32m[1m200[0m [32m   437µs[0m [2m/admin[0m
[2m  22:40:19[0m [32m[1mGET    [0m [32m[1m200[0m [32m 1.227ms[0m [2m/admin/assets/index-B0RkBR0O.js[0m
[2m  22:40:19[0m [32m[1mGET    [0m [32m[1m200[0m [32m   657µs[0m [2m/admin/assets/index-CPWc46Bf.css[0m
[2m  22:40:20[0m [32m[1mGET    [0m [32m[1m200[0m [32m   355µs[0m [2m/admin/assets/LoginView-Cn_1XxzH.css[0m
[2m  22:40:20[0m [32m[1mGET    [0m [32m[1m200[0m [32m   542µs[0m [2m/admin/assets/LoginView-DKTFVZT1.js[0m
[2m  22:40:20[0m [32m[1mGET    [0m [33m[1m404[0m [32m    11µs[0m [2m/favicon.ico[0m
[2m  22:40:20[0m [32m[1mGET    [0m [33m[1m404[0m [32m     1µs[0m [2m/favicon.ico[0m
[2m  22:42:30[0m [32m[1mGET    [0m [32m[1m200[0m [32m   180µs[0m [2m/api/auth/public-key[0m
[2m  22:42:31[0m [36m[1mPOST   [0m [32m[1m200[0m [32m81.616ms[0m [2m/api/auth/login[0m
[2m  22:42:31[0m [32m[1mGET    [0m [32m[1m200[0m [32m   594µs[0m [2m/admin/assets/DashboardLayout-6jfBtZ1k.js[0m
[2m  22:42:31[0m [32m[1mGET    [0m [32m[1m200[0m [32m   325µs[0m [2m/admin/assets/ConsoleView-EYaAfvcp.css[0m
[2m  22:42:31[0m [32m[1mGET    [0m [32m[1m200[0m [32m   558µs[0m [2m/admin/assets/DashboardLayout-1KJHBhug.css[0m
[2m  22:42:31[0m [32m[1mGET    [0m [32m[1m200[0m [32m   387µs[0m [2m/admin/assets/usePolling-7_-yoblT.js[0m
[2m  22:42:31[0m [32m[1mGET    [0m [32m[1m200[0m [32m   471µs[0m [2m/admin/assets/ConsoleView-njlpK9yQ.js[0m
[2m  22:42:31[0m [32m[1mGET    [0m [32m[1m200[0m [32m   397µs[0m [2m/api/admin/users[0m
[2m  22:42:31[0m [32m[1mGET    [0m [32m[1m200[0m [32m   323µs[0m [2m/api/admin/all-servers[0m
[2m  22:42:31[0m [32m[1mGET    [0m [32m[1m200[0m [32m   500µs[0m [2m/api/admin/audit-logs[0m
[2m  22:42:31[0m [32m[1mGET    [0m [32m[1m200[0m [32m   252µs[0m [2m/api/admin/system/info[0m
[2m  22:42:36[0m [32m[1mGET    [0m [32m[1m200[0m [32m   790µs[0m [2m/api/admin/all-servers[0m
[2m  22:42:36[0m [32m[1mGET    [0m [32m[1m200[0m [32m 1.534ms[0m [2m/api/admin/users[0m
[2m  22:42:36[0m [32m[1mGET    [0m [32m[1m200[0m [32m 2.737ms[0m [2m/api/admin/audit-logs[0m
[2m  22:42:36[0m [32m[1mGET    [0m [32m[1m200[0m [32m   212µs[0m [2m/api/admin/system/info[0m
[2m  22:42:41[0m [32m[1mGET    [0m [32m[1m200[0m [32m   870µs[0m [2m/api/admin/users[0m
[2m  22:42:41[0m [32m[1mGET    [0m [32m[1m200[0m [32m 1.118ms[0m [2m/api/admin/all-servers[0m
[2m  22:42:41[0m [32m[1mGET    [0m [32m[1m200[0m [32m 1.342ms[0m [2m/api/admin/audit-logs[0m
[2m  22:42:41[0m [32m[1mGET    [0m [32m[1m200[0m [32m   573µs[0m [2m/api/admin/system/info[0m
[2m  22:42:46[0m [32m[1mGET    [0m [32m[1m200[0m [32m   842µs[0m [2m/api/admin/users[0m
[2m  22:42:46[0m [32m[1mGET    [0m [32m[1m200[0m [32m   894µs[0m [2m/api/admin/audit-logs[0m
[2m  22:42:46[0m [32m[1mGET    [0m [32m[1m200[0m [32m 3.612ms[0m [2m/api/admin/all-servers[0m
[2m  22:42:46[0m [32m[1mGET    [0m [32m[1m200[0m [32m   626µs[0m [2m/api/admin/system/info[0m
[2m  22:42:51[0m [32m[1mGET    [0m [32m[1m200[0m [32m   752µs[0m [2m/api/admin/users[0m
[2m  22:42:51[0m [32m[1mGET    [0m [32m[1m200[0m [32m   943µs[0m [2m/api/admin/audit-logs[0m
[2m  22:42:51[0m [32m[1mGET    [0m [32m[1m200[0m [32m  2.14ms[0m [2m/api/admin/all-servers[0m
[2m  22:42:51[0m [32m[1mGET    [0m [32m[1m200[0m [32m   565µs[0m [2m/api/admin/system/info[0m
[2m  22:42:56[0m [32m[1mGET    [0m [32m[1m200[0m [32m 1.177ms[0m [2m/api/admin/all-servers[0m
[2m  22:42:56[0m [32m[1mGET    [0m [32m[1m200[0m [32m   835µs[0m [2m/api/admin/users[0m
[2m  22:42:56[0m [32m[1mGET    [0m [32m[1m200[0m [32m 3.737ms[0m [2m/api/admin/audit-logs[0m
[2m  22:42:56[0m [32m[1mGET    [0m [32m[1m200[0m [32m   453µs[0m [2m/api/admin/system/info[0m
[2m  22:43:01[0m [32m[1mGET    [0m [32m[1m200[0m [32m   830µs[0m [2m/api/admin/users[0m
[2m  22:43:01[0m [32m[1mGET    [0m [32m[1m200[0m [32m 1.044ms[0m [2m/api/admin/all-servers[0m
[2m  22:43:01[0m [32m[1mGET    [0m [32m[1m200[0m [32m 1.387ms[0m [2m/api/admin/audit-logs[0m
[2m  22:43:01[0m [32m[1mGET    [0m [32m[1m200[0m [32m   600µs[0m [2m/api/admin/system/info[0m
[2m  22:43:06[0m [32m[1mGET    [0m [32m[1m200[0m [32m   577µs[0m [2m/api/admin/users[0m
[2m  22:43:06[0m [32m[1mGET    [0m [32m[1m200[0m [32m   708µs[0m [2m/api/admin/all-servers[0m
[2m  22:43:06[0m [32m[1mGET    [0m [32m[1m200[0m [32m 1.917ms[0m [2m/api/admin/audit-logs[0m
[2m  22:43:06[0m [32m[1mGET    [0m [32m[1m200[0m [32m   295µs[0m [2m/api/admin/system/info[0m
[2m  22:43:11[0m [32m[1mGET    [0m [32m[1m200[0m [32m   614µs[0m [2m/api/admin/users[0m
[2m  22:43:11[0m [32m[1mGET    [0m [32m[1m200[0m [32m   963µs[0m [2m/api/admin/all-servers[0m
[2m  22:43:11[0m [32m[1mGET    [0m [32m[1m200[0m [32m 3.351ms[0m [2m/api/admin/audit-logs[0m
[2m  22:43:11[0m [32m[1mGET    [0m [32m[1m200[0m [32m   561µs[0m [2m/api/admin/system/info[0m
[2m  22:43:16[0m [32m[1mGET    [0m [32m[1m200[0m [32m  2.29ms[0m [2m/api/admin/users[0m
[2m  22:43:16[0m [32m[1mGET    [0m [32m[1m200[0m [32m 2.392ms[0m [2m/api/admin/audit-logs[0m
[2m  22:43:16[0m [32m[1mGET    [0m [32m[1m200[0m [32m 4.189ms[0m [2m/api/admin/all-servers[0m
[2m  22:43:16[0m [32m[1mGET    [0m [32m[1m200[0m [32m   439µs[0m [2m/api/admin/system/info[0m
[2m  22:43:21[0m [32m[1mGET    [0m [32m[1m200[0m [32m   643µs[0m [2m/api/admin/audit-logs[0m
[2m  22:43:21[0m [32m[1mGET    [0m [32m[1m200[0m [32m   813µs[0m [2m/api/admin/all-servers[0m
[2m  22:43:21[0m [32m[1mGET    [0m [32m[1m200[0m [32m 1.803ms[0m [2m/api/admin/users[0m
[2m  22:43:21[0m [32m[1mGET    [0m [32m[1m200[0m [32m   379µs[0m [2m/api/admin/system/info[0m
[2m  22:43:26[0m [32m[1mGET    [0m [32m[1m200[0m [32m 1.055ms[0m [2m/api/admin/users[0m
[2m  22:43:26[0m [32m[1mGET    [0m [32m[1m200[0m [32m   867µs[0m [2m/api/admin/audit-logs[0m
[2m  22:43:26[0m [32m[1mGET    [0m [32m[1m200[0m [32m 4.163ms[0m [2m/api/admin/all-servers[0m
[2m  22:43:26[0m [32m[1mGET    [0m [32m[1m200[0m [32m   530µs[0m [2m/api/admin/system/info[0m
[2m  22:43:31[0m [32m[1mGET    [0m [32m[1m200[0m [32m   968µs[0m [2m/api/admin/users[0m
[2m  22:43:31[0m [32m[1mGET    [0m [32m[1m200[0m [32m  1.11ms[0m [2m/api/admin/all-servers[0m
[2m  22:43:31[0m [32m[1mGET    [0m [32m[1m200[0m [32m  1.23ms[0m [2m/api/admin/audit-logs[0m
[2m  22:43:31[0m [32m[1mGET    [0m [32m[1m200[0m [32m   682µs[0m [2m/api/admin/system/info[0m
[2m  22:43:36[0m [32m[1mGET    [0m [32m[1m200[0m [32m   629µs[0m [2m/api/admin/users[0m
[2m  22:43:36[0m [32m[1mGET    [0m [32m[1m200[0m [32m   515µs[0m [2m/api/admin/all-servers[0m
[2m  22:43:36[0m [32m[1mGET    [0m [32m[1m200[0m [32m 2.396ms[0m [2m/api/admin/audit-logs[0m
[2m  22:43:36[0m [32m[1mGET    [0m [32m[1m200[0m [32m   311µs[0m [2m/api/admin/system/info[0m
[2m  22:43:41[0m [32m[1mGET    [0m [32m[1m200[0m [32m 1.136ms[0m [2m/api/admin/users[0m
[2m  22:43:41[0m [32m[1mGET    [0m [32m[1m200[0m [32m 1.162ms[0m [2m/api/admin/audit-logs[0m
[2m  22:43:41[0m [32m[1mGET    [0m [32m[1m200[0m [32m 1.846ms[0m [2m/api/admin/all-servers[0m
[2m  22:43:41[0m [32m[1mGET    [0m [32m[1m200[0m [32m   362µs[0m [2m/api/admin/system/info[0m
[2m  22:43:46[0m [32m[1mGET    [0m [32m[1m200[0m [32m   765µs[0m [2m/api/admin/users[0m
[2m  22:43:46[0m [32m[1mGET    [0m [32m[1m200[0m [32m   751µs[0m [2m/api/admin/all-servers[0m
[2m  22:43:46[0m [32m[1mGET    [0m [32m[1m200[0m [32m   990µs[0m [2m/api/admin/audit-logs[0m
[2m  22:43:46[0m [32m[1mGET    [0m [32m[1m200[0m [32m   484µs[0m [2m/api/admin/system/info[0m
[2m  22:43:51[0m [32m[1mGET    [0m [32m[1m200[0m [32m   834µs[0m [2m/api/admin/audit-logs[0m
[2m  22:43:51[0m [32m[1mGET    [0m [32m[1m200[0m [32m   854µs[0m [2m/api/admin/all-servers[0m
[2m  22:43:51[0m [32m[1mGET    [0m [32m[1m200[0m [32m 1.255ms[0m [2m/api/admin/users[0m
[2m  22:43:51[0m [32m[1mGET    [0m [32m[1m200[0m [32m   329µs[0m [2m/api/admin/system/info[0m
[2m  22:43:56[0m [32m[1mGET    [0m [32m[1m200[0m [32m   645µs[0m [2m/api/admin/users[0m
[2m  22:43:56[0m [32m[1mGET    [0m [32m[1m200[0m [32m   799µs[0m [2m/api/admin/all-servers[0m
[2m  22:43:56[0m [32m[1mGET    [0m [32m[1m200[0m [32m   988µs[0m [2m/api/admin/audit-logs[0m
[2m  22:43:56[0m [32m[1mGET    [0m [32m[1m200[0m [32m   388µs[0m [2m/api/admin/system/info[0m
[2m  22:44:01[0m [32m[1mGET    [0m [32m[1m200[0m [32m   738µs[0m [2m/api/admin/users[0m
[2m  22:44:01[0m [32m[1mGET    [0m [32m[1m200[0m [32m   362µs[0m [2m/api/admin/audit-logs[0m
[2m  22:44:01[0m [32m[1mGET    [0m [32m[1m200[0m [32m  1.45ms[0m [2m/api/admin/all-servers[0m
[2m  22:44:01[0m [32m[1mGET    [0m [32m[1m200[0m [32m   507µs[0m [2m/api/admin/system/info[0m
[2m  22:44:06[0m [32m[1mGET    [0m [32m[1m200[0m [32m   243µs[0m [2m/api/admin/users[0m
[2m  22:44:06[0m [32m[1mGET    [0m [32m[1m200[0m [32m   810µs[0m [2m/api/admin/all-servers[0m
[2m  22:44:06[0m [32m[1mGET    [0m [32m[1m200[0m [32m  2.13ms[0m [2m/api/admin/audit-logs[0m
[2m  22:44:06[0m [32m[1mGET    [0m [32m[1m200[0m [32m 1.034ms[0m [2m/api/admin/system/info[0m
[2m  22:44:11[0m [32m[1mGET    [0m [32m[1m200[0m [32m   859µs[0m [2m/api/admin/users[0m
[2m  22:44:11[0m [32m[1mGET    [0m [32m[1m200[0m [32m   971µs[0m [2m/api/admin/all-servers[0m
[2m  22:44:11[0m [32m[1mGET    [0m [32m[1m200[0m [32m 1.033ms[0m [2m/api/admin/audit-logs[0m
[2m  22:44:11[0m [32m[1mGET    [0m [32m[1m200[0m [32m   387µs[0m [2m/api/admin/system/info[0m
[2m  22:44:16[0m [32m[1mGET    [0m [32m[1m200[0m [32m 1.035ms[0m [2m/api/admin/users[0m
[2m  22:44:16[0m [32m[1mGET    [0m [32m[1m200[0m [32m 1.106ms[0m [2m/api/admin/all-servers[0m
[2m  22:44:16[0m [32m[1mGET    [0m [32m[1m200[0m [32m 1.192ms[0m [2m/api/admin/audit-logs[0m
[2m  22:44:16[0m [32m[1mGET    [0m [32m[1m200[0m [32m   378µs[0m [2m/api/admin/system/info[0m
[2m  22:44:16[0m [32m[1mGET    [0m [32m[1m200[0m [32m   348µs[0m [2m/admin/assets/ConfirmModal-CgCWunlo.js[0m
[2m  22:44:16[0m [32m[1mGET    [0m [32m[1m200[0m [32m   320µs[0m [2m/admin/assets/UsersView-DCCfWy1K.css[0m
[2m  22:44:16[0m [32m[1mGET    [0m [32m[1m200[0m [32m   620µs[0m [2m/admin/assets/UsersView-CD0jJ9Me.js[0m
[2m  22:44:16[0m [32m[1mGET    [0m [32m[1m200[0m [32m   419µs[0m [2m/admin/assets/ConfirmModal-B6oBZFKt.css[0m
[2m  22:44:16[0m [32m[1mGET    [0m [32m[1m200[0m [32m   782µs[0m [2m/api/admin/users[0m
[2m  22:44:17[0m [32m[1mGET    [0m [32m[1m200[0m [32m 1.505ms[0m [2m/admin/assets/SystemView-DZejTj-t.js[0m
[2m  22:44:17[0m [32m[1mGET    [0m [32m[1m200[0m [32m   507µs[0m [2m/api/admin/system/info[0m
[2m  22:44:17[0m [32m[1mGET    [0m [32m[1m200[0m [32m   495µs[0m [2m/api/admin/users[0m
[2m  22:44:18[0m [32m[1mGET    [0m [32m[1m200[0m [32m   824µs[0m [2m/admin/assets/GlobalServersView-Dhst8ux-.js[0m
[2m  22:44:18[0m [32m[1mGET    [0m [32m[1m200[0m [32m 1.296ms[0m [2m/api/admin/all-servers[0m
[2m  22:44:22[0m [32m[1mGET    [0m [32m[1m200[0m [32m 1.129ms[0m [2m/admin/assets/GlobalScriptsView-DyLzkiIQ.js[0m
[2m  22:44:22[0m [32m[1mGET    [0m [32m[1m200[0m [32m   723µs[0m [2m/api/admin/all-scripts[0m
[2m  22:44:27[0m [32m[1mGET    [0m [32m[1m200[0m [32m   555µs[0m [2m/api/admin/all-scripts[0m
[2m  22:44:32[0m [32m[1mGET    [0m [32m[1m200[0m [32m 1.596ms[0m [2m/api/admin/all-scripts[0m
[2m  22:44:37[0m [32m[1mGET    [0m [32m[1m200[0m [32m   256µs[0m [2m/api/admin/all-scripts[0m
[2m  22:44:42[0m [32m[1mGET    [0m [32m[1m200[0m [32m   418µs[0m [2m/api/admin/all-scripts[0m
[2m  22:44:47[0m [32m[1mGET    [0m [32m[1m200[0m [32m   392µs[0m [2m/api/admin/all-scripts[0m
[2m  22:44:52[0m [32m[1mGET    [0m [32m[1m200[0m [32m   351µs[0m [2m/api/admin/all-scripts[0m
[2m  22:44:57[0m [32m[1mGET    [0m [32m[1m200[0m [32m   959µs[0m [2m/api/admin/all-scripts[0m
[2m  22:45:02[0m [32m[1mGET    [0m [32m[1m200[0m [32m   978µs[0m [2m/api/admin/all-scripts[0m
[2m  22:45:07[0m [32m[1mGET    [0m [32m[1m200[0m [32m   531µs[0m [2m/api/admin/all-scripts[0m
[2m  22:45:12[0m [32m[1mGET    [0m [32m[1m200[0m [32m 1.102ms[0m [2m/api/admin/all-scripts[0m
[2m  22:45:17[0m [32m[1mGET    [0m [32m[1m200[0m [32m   966µs[0m [2m/api/admin/all-scripts[0m
[2m  22:45:22[0m [32m[1mGET    [0m [32m[1m200[0m [32m   901µs[0m [2m/api/admin/all-scripts[0m
[2m  22:45:27[0m [32m[1mGET    [0m [32m[1m200[0m [32m   365µs[0m [2m/api/admin/all-scripts[0m
[2m  22:45:32[0m [32m[1mGET    [0m [32m[1m200[0m [32m   831µs[0m [2m/api/admin/all-scripts[0m
[2m  22:45:37[0m [32m[1mGET    [0m [32m[1m200[0m [32m   516µs[0m [2m/api/admin/all-scripts[0m
[2m  22:45:42[0m [32m[1mGET    [0m [32m[1m200[0m [32m   861µs[0m [2m/api/admin/all-scripts[0m
[2m  22:45:47[0m [32m[1mGET    [0m [32m[1m200[0m [32m   863µs[0m [2m/api/admin/all-scripts[0m
[2m  22:45:52[0m [32m[1mGET    [0m [32m[1m200[0m [32m   958µs[0m [2m/api/admin/all-scripts[0m
[2m  22:45:57[0m [32m[1mGET    [0m [32m[1m200[0m [32m   988µs[0m [2m/api/admin/all-scripts[0m
[2m  22:46:02[0m [32m[1mGET    [0m [32m[1m200[0m [32m 2.783ms[0m [2m/api/admin/all-scripts[0m
[2m  22:46:07[0m [32m[1mGET    [0m [32m[1m200[0m [32m   638µs[0m [2m/api/admin/all-scripts[0m
[2m  22:46:12[0m [32m[1mGET    [0m [32m[1m200[0m [32m 1.083ms[0m [2m/api/admin/all-scripts[0m
[2m  22:46:17[0m [32m[1mGET    [0m [32m[1m200[0m [32m   391µs[0m [2m/api/admin/all-scripts[0m
[2m  22:46:22[0m [32m[1mGET    [0m [32m[1m200[0m [32m   923µs[0m [2m/api/admin/all-scripts[0m
[2m  22:46:27[0m [32m[1mGET    [0m [32m[1m200[0m [32m 1.003ms[0m [2m/api/admin/all-scripts[0m
[2m  22:46:32[0m [32m[1mGET    [0m [32m[1m200[0m [32m   412µs[0m [2m/api/admin/all-scripts[0m
[2m  22:46:37[0m [32m[1mGET    [0m [32m[1m200[0m [32m   613µs[0m [2m/api/admin/all-scripts[0m
[2m  22:46:42[0m [32m[1mGET    [0m [32m[1m200[0m [32m   939µs[0m [2m/api/admin/all-scripts[0m
[2m  22:46:47[0m [32m[1mGET    [0m [32m[1m200[0m [32m   447µs[0m [2m/api/admin/all-scripts[0m
[2m  22:46:52[0m [32m[1mGET    [0m [32m[1m200[0m [32m   884µs[0m [2m/api/admin/all-scripts[0m
[2m  22:46:57[0m [32m[1mGET    [0m [32m[1m200[0m [32m   611µs[0m [2m/api/admin/all-scripts[0m
[2m  22:47:02[0m [32m[1mGET    [0m [32m[1m200[0m [32m   985µs[0m [2m/api/admin/all-scripts[0m
[2m  22:47:07[0m [32m[1mGET    [0m [32m[1m200[0m [32m   503µs[0m [2m/api/admin/all-scripts[0m
[2m  22:47:12[0m [32m[1mGET    [0m [32m[1m200[0m [32m   228µs[0m [2m/api/admin/all-scripts[0m
[2m  22:47:17[0m [32m[1mGET    [0m [32m[1m200[0m [32m   370µs[0m [2m/api/admin/all-scripts[0m
[2m  22:47:22[0m [32m[1mGET    [0m [32m[1m200[0m [32m   839µs[0m [2m/api/admin/all-scripts[0m
[2m  22:47:27[0m [32m[1mGET    [0m [32m[1m200[0m [32m   951µs[0m [2m/api/admin/all-scripts[0m
[2m  22:47:32[0m [32m[1mGET    [0m [32m[1m200[0m [32m   801µs[0m [2m/api/admin/all-scripts[0m
[2m  22:47:37[0m [32m[1mGET    [0m [32m[1m200[0m [32m   437µs[0m [2m/api/admin/all-scripts[0m
[2m  22:47:42[0m [32m[1mGET    [0m [32m[1m200[0m [32m 1.082ms[0m [2m/api/admin/all-scripts[0m
[2m  22:47:47[0m [32m[1mGET    [0m [32m[1m200[0m [32m   902µs[0m [2m/api/admin/all-scripts[0m
[2m  22:47:52[0m [32m[1mGET    [0m [32m[1m200[0m [32m   954µs[0m [2m/api/admin/all-scripts[0m
[2m  22:47:57[0m [32m[1mGET    [0m [32m[1m200[0m [32m   671µs[0m [2m/api/admin/all-scripts[0m
[2m  22:48:02[0m [32m[1mGET    [0m [32m[1m200[0m [32m   989µs[0m [2m/api/admin/all-scripts[0m
[2m  22:48:07[0m [32m[1mGET    [0m [32m[1m200[0m [32m 1.033ms[0m [2m/api/admin/all-scripts[0m
[2m  22:48:12[0m [32m[1mGET    [0m [32m[1m200[0m [32m 1.245ms[0m [2m/api/admin/all-scripts[0m
[2m  22:48:17[0m [32m[1mGET    [0m [32m[1m200[0m [32m   648µs[0m [2m/api/admin/all-scripts[0m
[2m  22:48:22[0m [32m[1mGET    [0m [32m[1m200[0m [32m   944µs[0m [2m/api/admin/all-scripts[0m
[2m  22:48:27[0m [32m[1mGET    [0m [32m[1m200[0m [32m   364µs[0m [2m/api/admin/all-scripts[0m
[2m  22:48:32[0m [32m[1mGET    [0m [32m[1m200[0m [32m 1.055ms[0m [2m/api/admin/all-scripts[0m
[2m  22:48:37[0m [32m[1mGET    [0m [32m[1m200[0m [32m   525µs[0m [2m/api/admin/all-scripts[0m
[2m  22:48:42[0m [32m[1mGET    [0m [32m[1m200[0m [32m   313µs[0m [2m/api/admin/all-scripts[0m
[2m  22:48:47[0m [32m[1mGET    [0m [32m[1m200[0m [32m   881µs[0m [2m/api/admin/all-scripts[0m
[2m  22:48:52[0m [32m[1mGET    [0m [32m[1m200[0m [32m   869µs[0m [2m/api/admin/all-scripts[0m
[2m  22:48:57[0m [32m[1mGET    [0m [32m[1m200[0m [32m   611µs[0m [2m/api/admin/all-scripts[0m
[2m  22:49:02[0m [32m[1mGET    [0m [32m[1m200[0m [32m   992µs[0m [2m/api/admin/all-scripts[0m
[2m  22:49:07[0m [32m[1mGET    [0m [32m[1m200[0m [32m   452µs[0m [2m/api/admin/all-scripts[0m
[2m  22:49:12[0m [32m[1mGET    [0m [32m[1m200[0m [32m   597µs[0m [2m/api/admin/all-scripts[0m
[2m  22:49:17[0m [32m[1mGET    [0m [32m[1m200[0m [32m 1.021ms[0m [2m/api/admin/all-scripts[0m
[2m  22:49:22[0m [32m[1mGET    [0m [32m[1m200[0m [32m   942µs[0m [2m/api/admin/all-scripts[0m
[2m  22:49:27[0m [32m[1mGET    [0m [32m[1m200[0m [32m  1.02ms[0m [2m/api/admin/all-scripts[0m
[2m  22:49:32[0m [32m[1mGET    [0m [32m[1m200[0m [32m   949µs[0m [2m/api/admin/all-scripts[0m
[2m  22:49:37[0m [32m[1mGET    [0m [32m[1m200[0m [32m   648µs[0m [2m/api/admin/all-scripts[0m
[2m  22:49:42[0m [32m[1mGET    [0m [32m[1m200[0m [32m   883µs[0m [2m/api/admin/all-scripts[0m
[2m  22:49:47[0m [32m[1mGET    [0m [32m[1m200[0m [32m   947µs[0m [2m/api/admin/all-scripts[0m
[2m  22:49:52[0m [32m[1mGET    [0m [32m[1m200[0m [32m 1.097ms[0m [2m/api/admin/all-scripts[0m
[2m  22:49:57[0m [32m[1mGET    [0m [32m[1m200[0m [32m   676µs[0m [2m/api/admin/all-scripts[0m
[2m  22:50:02[0m [32m[1mGET    [0m [32m[1m200[0m [32m 1.313ms[0m [2m/api/admin/all-scripts[0m
[2m  22:50:07[0m [32m[1mGET    [0m [32m[1m200[0m [32m   493µs[0m [2m/api/admin/all-scripts[0m
[2m  22:50:12[0m [32m[1mGET    [0m [32m[1m200[0m [32m 1.128ms[0m [2m/api/admin/all-scripts[0m
[2m  22:50:17[0m [32m[1mGET    [0m [32m[1m200[0m [32m   780µs[0m [2m/api/admin/all-scripts[0m
[2m  22:50:22[0m [32m[1mGET    [0m [32m[1m200[0m [32m   678µs[0m [2m/api/admin/all-scripts[0m
[2m  22:50:27[0m [32m[1mGET    [0m [32m[1m200[0m [32m   877µs[0m [2m/api/admin/all-scripts[0m
[2m  22:50:32[0m [32m[1mGET    [0m [32m[1m200[0m [32m   559µs[0m [2m/api/admin/all-scripts[0m
[2m  22:50:37[0m [32m[1mGET    [0m [32m[1m200[0m [32m   481µs[0m [2m/api/admin/all-scripts[0m
[2m  22:50:42[0m [32m[1mGET    [0m [32m[1m200[0m [32m 1.008ms[0m [2m/api/admin/all-scripts[0m
[2m  22:50:47[0m [32m[1mGET    [0m [32m[1m200[0m [32m   655µs[0m [2m/api/admin/all-scripts[0m
[2m  22:50:52[0m [32m[1mGET    [0m [32m[1m200[0m [32m   996µs[0m [2m/api/admin/all-scripts[0m
[2m  22:50:57[0m [32m[1mGET    [0m [32m[1m200[0m [32m   635µs[0m [2m/api/admin/all-scripts[0m
[2m  22:51:02[0m [32m[1mGET    [0m [32m[1m200[0m [32m   247µs[0m [2m/api/admin/all-scripts[0m
[2m  22:51:07[0m [32m[1mGET    [0m [32m[1m200[0m [32m   436µs[0m [2m/api/admin/all-scripts[0m
[2m  22:51:12[0m [32m[1mGET    [0m [32m[1m200[0m [32m   496µs[0m [2m/api/admin/all-scripts[0m
[2m  22:51:17[0m [32m[1mGET    [0m [32m[1m200[0m [32m   623µs[0m [2m/api/admin/all-scripts[0m
[2m  22:51:22[0m [32m[1mGET    [0m [32m[1m200[0m [32m   599µs[0m [2m/api/admin/all-scripts[0m
[2m  22:51:27[0m [32m[1mGET    [0m [32m[1m200[0m [32m   648µs[0m [2m/api/admin/all-scripts[0m
[2m  22:51:32[0m [32m[1mGET    [0m [32m[1m200[0m [32m   596µs[0m [2m/api/admin/all-scripts[0m
[2m  22:51:37[0m [32m[1mGET    [0m [32m[1m200[0m [32m   551µs[0m [2m/api/admin/all-scripts[0m
[2m  22:51:42[0m [32m[1mGET    [0m [32m[1m200[0m [32m   960µs[0m [2m/api/admin/all-scripts[0m
[2m  22:51:47[0m [32m[1mGET    [0m [32m[1m200[0m [32m   264µs[0m [2m/api/admin/all-scripts[0m
[2m  22:51:52[0m [32m[1mGET    [0m [32m[1m200[0m [32m   221µs[0m [2m/api/admin/all-scripts[0m
[2m  22:51:57[0m [32m[1mGET    [0m [32m[1m200[0m [32m 1.017ms[0m [2m/api/admin/all-scripts[0m
[2m  22:52:02[0m [32m[1mGET    [0m [32m[1m200[0m [32m   943µs[0m [2m/api/admin/all-scripts[0m
[2m  22:52:07[0m [32m[1mGET    [0m [32m[1m200[0m [32m   309µs[0m [2m/api/admin/all-scripts[0m
[2m  22:52:12[0m [32m[1mGET    [0m [32m[1m200[0m [32m   357µs[0m [2m/api/admin/all-scripts[0m
[2m  22:52:17[0m [32m[1mGET    [0m [32m[1m200[0m [32m 1.133ms[0m [2m/api/admin/all-scripts[0m
[2m  22:52:22[0m [32m[1mGET    [0m [32m[1m200[0m [32m   438µs[0m [2m/api/admin/all-scripts[0m
[2m  22:52:27[0m [32m[1mGET    [0m [32m[1m200[0m [32m   927µs[0m [2m/api/admin/all-scripts[0m
[2m  22:52:32[0m [32m[1mGET    [0m [32m[1m200[0m [32m   894µs[0m [2m/api/admin/all-scripts[0m
[2m  22:52:37[0m [32m[1mGET    [0m [32m[1m200[0m [32m   580µs[0m [2m/api/admin/all-scripts[0m
[2m  22:52:42[0m [32m[1mGET    [0m [32m[1m200[0m [32m   642µs[0m [2m/api/admin/all-scripts[0m
[2m  22:52:47[0m [32m[1mGET    [0m [32m[1m200[0m [32m   929µs[0m [2m/api/admin/all-scripts[0m
[2m  22:52:52[0m [32m[1mGET    [0m [32m[1m200[0m [32m   979µs[0m [2m/api/admin/all-scripts[0m
[2m  22:52:57[0m [32m[1mGET    [0m [32m[1m200[0m [32m   601µs[0m [2m/api/admin/all-scripts[0m
[2m  22:53:02[0m [32m[1mGET    [0m [32m[1m200[0m [32m   885µs[0m [2m/api/admin/all-scripts[0m
[2m  22:53:07[0m [32m[1mGET    [0m [32m[1m200[0m [32m   435µs[0m [2m/api/admin/all-scripts[0m
[2m  22:53:12[0m [32m[1mGET    [0m [32m[1m200[0m [32m 1.049ms[0m [2m/api/admin/all-scripts[0m
[2m  22:53:17[0m [32m[1mGET    [0m [32m[1m200[0m [32m   889µs[0m [2m/api/admin/all-scripts[0m
[2m  22:53:22[0m [32m[1mGET    [0m [32m[1m200[0m [32m   590µs[0m [2m/api/admin/all-scripts[0m
[2m  22:53:27[0m [32m[1mGET    [0m [32m[1m200[0m [32m   775µs[0m [2m/api/admin/all-scripts[0m
[2m  22:53:32[0m [32m[1mGET    [0m [32m[1m200[0m [32m   641µs[0m [2m/api/admin/all-scripts[0m
[2m  22:53:37[0m [32m[1mGET    [0m [32m[1m200[0m [32m   620µs[0m [2m/api/admin/all-scripts[0m
[2m  22:53:42[0m [32m[1mGET    [0m [32m[1m200[0m [32m   803µs[0m [2m/api/admin/all-scripts[0m
[2m  22:53:47[0m [32m[1mGET    [0m [32m[1m200[0m [32m   790µs[0m [2m/api/admin/all-scripts[0m
[2m  22:53:52[0m [32m[1mGET    [0m [32m[1m200[0m [32m 1.754ms[0m [2m/api/admin/all-scripts[0m
[2m  22:53:57[0m [32m[1mGET    [0m [32m[1m200[0m [32m   505µs[0m [2m/api/admin/all-scripts[0m
[2m  22:54:02[0m [32m[1mGET    [0m [32m[1m200[0m [32m   778µs[0m [2m/api/admin/all-scripts[0m
[2m  22:54:07[0m [32m[1mGET    [0m [32m[1m200[0m [32m   418µs[0m [2m/api/admin/all-scripts[0m
[2m  22:54:12[0m [32m[1mGET    [0m [32m[1m200[0m [32m 2.706ms[0m [2m/api/admin/all-scripts[0m
[2m  22:54:17[0m [32m[1mGET    [0m [32m[1m200[0m [32m   540µs[0m [2m/api/admin/all-scripts[0m
[2m  22:54:22[0m [32m[1mGET    [0m [32m[1m200[0m [32m   709µs[0m [2m/api/admin/all-scripts[0m
[2m  22:54:27[0m [32m[1mGET    [0m [32m[1m200[0m [32m   596µs[0m [2m/api/admin/all-scripts[0m
[2m  22:54:32[0m [32m[1mGET    [0m [32m[1m200[0m [32m   972µs[0m [2m/api/admin/all-scripts[0m
[2m  22:54:37[0m [32m[1mGET    [0m [32m[1m200[0m [32m   441µs[0m [2m/api/admin/all-scripts[0m
[2m  22:54:42[0m [32m[1mGET    [0m [32m[1m200[0m [32m   991µs[0m [2m/api/admin/all-scripts[0m
[2m  22:54:47[0m [32m[1mGET    [0m [32m[1m200[0m [32m   972µs[0m [2m/api/admin/all-scripts[0m
[2m  22:54:52[0m [32m[1mGET    [0m [32m[1m200[0m [32m 1.095ms[0m [2m/api/admin/all-scripts[0m
[2m  22:54:57[0m [32m[1mGET    [0m [32m[1m200[0m [32m   586µs[0m [2m/api/admin/all-scripts[0m
[2m  22:55:02[0m [32m[1mGET    [0m [32m[1m200[0m [32m 1.018ms[0m [2m/api/admin/all-scripts[0m
[2m  22:55:07[0m [32m[1mGET    [0m [32m[1m200[0m [32m   494µs[0m [2m/api/admin/all-scripts[0m
[2m  22:55:12[0m [32m[1mGET    [0m [32m[1m200[0m [32m 1.662ms[0m [2m/api/admin/all-scripts[0m
[2m  22:55:17[0m [32m[1mGET    [0m [32m[1m200[0m [32m   597µs[0m [2m/api/admin/all-scripts[0m
[2m  22:55:22[0m [32m[1mGET    [0m [32m[1m200[0m [32m   245µs[0m [2m/api/admin/all-scripts[0m
[2m  22:55:27[0m [32m[1mGET    [0m [32m[1m200[0m [32m   618µs[0m [2m/api/admin/all-scripts[0m
[2m  22:55:32[0m [32m[1mGET    [0m [32m[1m200[0m [32m   394µs[0m [2m/api/admin/all-scripts[0m
[2m  22:55:37[0m [32m[1mGET    [0m [32m[1m200[0m [32m   267µs[0m [2m/api/admin/all-scripts[0m
[2m  22:55:42[0m [32m[1mGET    [0m [32m[1m200[0m [32m   433µs[0m [2m/api/admin/all-scripts[0m
[2m  22:55:47[0m [32m[1mGET    [0m [32m[1m200[0m [32m   629µs[0m [2m/api/admin/all-scripts[0m
[2m  22:55:52[0m [32m[1mGET    [0m [32m[1m200[0m [32m   484µs[0m [2m/api/admin/all-scripts[0m
[2m  22:55:57[0m [32m[1mGET    [0m [32m[1m200[0m [32m   259µs[0m [2m/api/admin/all-scripts[0m
[2m  22:56:02[0m [32m[1mGET    [0m [32m[1m200[0m [32m   576µs[0m [2m/api/admin/all-scripts[0m
[2m  22:56:07[0m [32m[1mGET    [0m [32m[1m200[0m [32m   232µs[0m [2m/api/admin/all-scripts[0m
[2m  22:56:12[0m [32m[1mGET    [0m [32m[1m200[0m [32m   286µs[0m [2m/api/admin/all-scripts[0m
[2m  22:56:17[0m [32m[1mGET    [0m [32m[1m200[0m [32m   453µs[0m [2m/api/admin/all-scripts[0m
[2m  22:56:22[0m [32m[1mGET    [0m [32m[1m200[0m [32m 1.036ms[0m [2m/api/admin/all-scripts[0m
[2m  22:56:27[0m [32m[1mGET    [0m [32m[1m200[0m [32m   961µs[0m [2m/api/admin/all-scripts[0m
[2m  22:56:32[0m [32m[1mGET    [0m [32m[1m200[0m [32m   926µs[0m [2m/api/admin/all-scripts[0m
[2m  22:56:37[0m [32m[1mGET    [0m [32m[1m200[0m [32m   671µs[0m [2m/api/admin/all-scripts[0m
[2m  22:56:42[0m [32m[1mGET    [0m [32m[1m200[0m [32m   952µs[0m [2m/api/admin/all-scripts[0m
[2m  22:56:47[0m [32m[1mGET    [0m [32m[1m200[0m [32m   860µs[0m [2m/api/admin/all-scripts[0m
[2m  22:56:52[0m [32m[1mGET    [0m [32m[1m200[0m [32m   646µs[0m [2m/api/admin/all-scripts[0m
[2m  22:56:57[0m [32m[1mGET    [0m [32m[1m200[0m [32m   899µs[0m [2m/api/admin/all-scripts[0m
[2m  22:57:02[0m [32m[1mGET    [0m [32m[1m200[0m [32m   769µs[0m [2m/api/admin/all-scripts[0m
[2m  22:57:07[0m [32m[1mGET    [0m [32m[1m200[0m [32m   451µs[0m [2m/api/admin/all-scripts[0m
[2m  22:57:12[0m [32m[1mGET    [0m [32m[1m200[0m [32m   666µs[0m [2m/api/admin/all-scripts[0m
[2m  22:57:17[0m [32m[1mGET    [0m [32m[1m200[0m [32m 1.177ms[0m [2m/api/admin/all-scripts[0m
[2m  22:57:22[0m [32m[1mGET    [0m [32m[1m200[0m [32m   880µs[0m [2m/api/admin/all-scripts[0m
[2m  22:57:27[0m [32m[1mGET    [0m [32m[1m200[0m [32m   403µs[0m [2m/api/admin/all-scripts[0m
[2m  22:57:32[0m [32m[1mGET    [0m [32m[1m200[0m [32m   611µs[0m [2m/api/admin/all-scripts[0m
[2m  22:57:37[0m [32m[1mGET    [0m [32m[1m200[0m [32m   240µs[0m [2m/api/admin/all-scripts[0m
[2m  22:57:42[0m [32m[1mGET    [0m [32m[1m200[0m [32m 1.047ms[0m [2m/api/admin/all-scripts[0m
[2m  22:57:47[0m [32m[1mGET    [0m [32m[1m200[0m [32m   364µs[0m [2m/api/admin/all-scripts[0m
[2m  22:57:52[0m [32m[1mGET    [0m [32m[1m200[0m [32m   773µs[0m [2m/api/admin/all-scripts[0m
[2m  22:57:57[0m [32m[1mGET    [0m [32m[1m200[0m [32m   666µs[0m [2m/api/admin/all-scripts[0m
[2m  22:58:02[0m [32m[1mGET    [0m [32m[1m200[0m [32m   967µs[0m [2m/api/admin/all-scripts[0m
[2m  22:58:07[0m [32m[1mGET    [0m [32m[1m200[0m [32m   540µs[0m [2m/api/admin/all-scripts[0m
[2m  22:58:12[0m [32m[1mGET    [0m [32m[1m200[0m [32m 2.053ms[0m [2m/api/admin/all-scripts[0m
[2m  22:58:17[0m [32m[1mGET    [0m [32m[1m200[0m [32m   324µs[0m [2m/api/admin/all-scripts[0m
[2m  22:58:22[0m [32m[1mGET    [0m [32m[1m200[0m [32m   925µs[0m [2m/api/admin/all-scripts[0m
[2m  22:58:27[0m [32m[1mGET    [0m [32m[1m200[0m [32m   953µs[0m [2m/api/admin/all-scripts[0m
[2m  22:58:32[0m [32m[1mGET    [0m [32m[1m200[0m [32m   961µs[0m [2m/api/admin/all-scripts[0m
[2m  22:58:37[0m [32m[1mGET    [0m [32m[1m200[0m [32m   534µs[0m [2m/api/admin/all-scripts[0m
[2m  22:58:42[0m [32m[1mGET    [0m [32m[1m200[0m [32m   560µs[0m [2m/api/admin/all-scripts[0m
[2m  22:58:47[0m [32m[1mGET    [0m [32m[1m200[0m [32m   949µs[0m [2m/api/admin/all-scripts[0m
[2m  22:58:52[0m [32m[1mGET    [0m [32m[1m200[0m [32m   933µs[0m [2m/api/admin/all-scripts[0m
[2m  22:58:57[0m [32m[1mGET    [0m [32m[1m200[0m [32m   888µs[0m [2m/api/admin/all-scripts[0m
[2m  22:59:02[0m [32m[1mGET    [0m [32m[1m200[0m [32m 1.189ms[0m [2m/api/admin/all-scripts[0m
[2m  22:59:07[0m [32m[1mGET    [0m [32m[1m200[0m [32m   847µs[0m [2m/api/admin/all-scripts[0m
[2m  22:59:12[0m [32m[1mGET    [0m [32m[1m200[0m [32m 1.104ms[0m [2m/api/admin/all-scripts[0m
[2m  22:59:17[0m [32m[1mGET    [0m [32m[1m200[0m [32m   882µs[0m [2m/api/admin/all-scripts[0m
[2m  22:59:22[0m [32m[1mGET    [0m [32m[1m200[0m [32m   955µs[0m [2m/api/admin/all-scripts[0m
[2m  22:59:27[0m [32m[1mGET    [0m [32m[1m200[0m [32m   265µs[0m [2m/api/admin/all-scripts[0m
[2m  22:59:32[0m [32m[1mGET    [0m [32m[1m200[0m [32m   915µs[0m [2m/api/admin/all-scripts[0m
[2m  22:59:37[0m [32m[1mGET    [0m [32m[1m200[0m [32m   247µs[0m [2m/api/admin/all-scripts[0m
[2m  22:59:42[0m [32m[1mGET    [0m [32m[1m200[0m [32m   947µs[0m [2m/api/admin/all-scripts[0m
[2m  22:59:47[0m [32m[1mGET    [0m [32m[1m200[0m [32m   250µs[0m [2m/api/admin/all-scripts[0m
[2m  22:59:52[0m [32m[1mGET    [0m [32m[1m200[0m [32m   289µs[0m [2m/api/admin/all-scripts[0m
[2m  22:59:57[0m [32m[1mGET    [0m [32m[1m200[0m [32m   363µs[0m [2m/api/admin/all-scripts[0m
[2m  23:00:02[0m [32m[1mGET    [0m [32m[1m200[0m [32m   334µs[0m [2m/api/admin/all-scripts[0m
[2m  23:00:07[0m [32m[1mGET    [0m [32m[1m200[0m [32m   517µs[0m [2m/api/admin/all-scripts[0m
[2m  23:00:12[0m [32m[1mGET    [0m [32m[1m200[0m [32m 1.088ms[0m [2m/api/admin/all-scripts[0m
[2m  23:00:17[0m [32m[1mGET    [0m [32m[1m200[0m [32m 1.244ms[0m [2m/api/admin/all-scripts[0m
[2m  23:00:22[0m [32m[1mGET    [0m [32m[1m200[0m [32m   941µs[0m [2m/api/admin/all-scripts[0m
[2m  23:00:27[0m [32m[1mGET    [0m [32m[1m200[0m [32m   961µs[0m [2m/api/admin/all-scripts[0m
[2m  23:00:32[0m [32m[1mGET    [0m [32m[1m200[0m [32m   954µs[0m [2m/api/admin/all-scripts[0m
[2m  23:00:37[0m [32m[1mGET    [0m [32m[1m200[0m [32m   485µs[0m [2m/api/admin/all-scripts[0m
[2m  23:00:42[0m [32m[1mGET    [0m [32m[1m200[0m [32m   915µs[0m [2m/api/admin/all-scripts[0m
[2m  23:00:47[0m [32m[1mGET    [0m [32m[1m200[0m [32m   606µs[0m [2m/api/admin/all-scripts[0m
[2m  23:00:52[0m [32m[1mGET    [0m [32m[1m200[0m [32m   498µs[0m [2m/api/admin/all-scripts[0m
[2m  23:00:57[0m [32m[1mGET    [0m [32m[1m200[0m [32m   426µs[0m [2m/api/admin/all-scripts[0m
[2m  23:01:02[0m [32m[1mGET    [0m [32m[1m200[0m [32m   461µs[0m [2m/api/admin/all-scripts[0m
[2m  23:01:07[0m [32m[1mGET    [0m [32m[1m200[0m [32m   225µs[0m [2m/api/admin/all-scripts[0m
[2m  23:01:12[0m [32m[1mGET    [0m [32m[1m200[0m [32m   248µs[0m [2m/api/admin/all-scripts[0m
[2m  23:01:17[0m [32m[1mGET    [0m [32m[1m200[0m [32m   594µs[0m [2m/api/admin/all-scripts[0m
[2m  23:01:22[0m [32m[1mGET    [0m [32m[1m200[0m [32m   920µs[0m [2m/api/admin/all-scripts[0m
[2m  23:01:27[0m [32m[1mGET    [0m [32m[1m200[0m [32m   610µs[0m [2m/api/admin/all-scripts[0m
[2m  23:01:32[0m [32m[1mGET    [0m [32m[1m200[0m [32m   898µs[0m [2m/api/admin/all-scripts[0m
[2m  23:01:37[0m [32m[1mGET    [0m [32m[1m200[0m [32m   561µs[0m [2m/api/admin/all-scripts[0m
[2m  23:01:42[0m [32m[1mGET    [0m [32m[1m200[0m [32m   922µs[0m [2m/api/admin/all-scripts[0m
[2m  23:01:47[0m [32m[1mGET    [0m [32m[1m200[0m [32m   849µs[0m [2m/api/admin/all-scripts[0m
[2m  23:01:52[0m [32m[1mGET    [0m [32m[1m200[0m [32m 1.031ms[0m [2m/api/admin/all-scripts[0m
[2m  23:01:57[0m [32m[1mGET    [0m [32m[1m200[0m [32m   653µs[0m [2m/api/admin/all-scripts[0m
[2m  23:02:02[0m [32m[1mGET    [0m [32m[1m200[0m [32m 1.009ms[0m [2m/api/admin/all-scripts[0m
[2m  23:02:07[0m [32m[1mGET    [0m [32m[1m200[0m [32m   490µs[0m [2m/api/admin/all-scripts[0m
[2m  23:02:12[0m [32m[1mGET    [0m [32m[1m200[0m [32m 1.037ms[0m [2m/api/admin/all-scripts[0m
[2m  23:02:17[0m [32m[1mGET    [0m [32m[1m200[0m [32m   942µs[0m [2m/api/admin/all-scripts[0m
[2m  23:02:22[0m [32m[1mGET    [0m [32m[1m200[0m [32m 1.228ms[0m [2m/api/admin/all-scripts[0m
[2m  23:02:27[0m [32m[1mGET    [0m [32m[1m200[0m [32m   776µs[0m [2m/api/admin/all-scripts[0m
[2m  23:02:32[0m [32m[1mGET    [0m [32m[1m200[0m [32m 1.001ms[0m [2m/api/admin/all-scripts[0m
[2m  23:02:37[0m [32m[1mGET    [0m [32m[1m200[0m [32m   410µs[0m [2m/api/admin/all-scripts[0m
[2m  23:02:42[0m [32m[1mGET    [0m [32m[1m200[0m [32m   934µs[0m [2m/api/admin/all-scripts[0m
[2m  23:02:47[0m [32m[1mGET    [0m [32m[1m200[0m [32m   607µs[0m [2m/api/admin/all-scripts[0m
[2m  23:02:52[0m [32m[1mGET    [0m [32m[1m200[0m [32m   861µs[0m [2m/api/admin/all-scripts[0m
[2m  23:02:57[0m [32m[1mGET    [0m [32m[1m200[0m [32m   928µs[0m [2m/api/admin/all-scripts[0m
[2m  23:03:02[0m [32m[1mGET    [0m [32m[1m200[0m [32m 1.022ms[0m [2m/api/admin/all-scripts[0m
[2m  23:03:07[0m [32m[1mGET    [0m [32m[1m200[0m [32m   584µs[0m [2m/api/admin/all-scripts[0m
[2m  23:03:12[0m [32m[1mGET    [0m [32m[1m200[0m [32m 1.124ms[0m [2m/api/admin/all-scripts[0m
[2m  23:03:17[0m [32m[1mGET    [0m [32m[1m200[0m [32m   962µs[0m [2m/api/admin/all-scripts[0m
[2m  23:03:22[0m [32m[1mGET    [0m [32m[1m200[0m [32m   916µs[0m [2m/api/admin/all-scripts[0m
[2m  23:03:27[0m [32m[1mGET    [0m [32m[1m200[0m [32m   571µs[0m [2m/api/admin/all-scripts[0m
[2m  23:03:32[0m [32m[1mGET    [0m [32m[1m200[0m [32m   915µs[0m [2m/api/admin/all-scripts[0m
[2m  23:03:37[0m [32m[1mGET    [0m [32m[1m200[0m [32m   776µs[0m [2m/api/admin/all-scripts[0m
[2m  23:03:42[0m [32m[1mGET    [0m [32m[1m200[0m [32m   943µs[0m [2m/api/admin/all-scripts[0m
[2m  23:03:47[0m [32m[1mGET    [0m [32m[1m200[0m [32m   839µs[0m [2m/api/admin/all-scripts[0m
[2m  23:03:52[0m [32m[1mGET    [0m [32m[1m200[0m [32m  1.06ms[0m [2m/api/admin/all-scripts[0m
[2m  23:03:57[0m [32m[1mGET    [0m [32m[1m200[0m [32m   651µs[0m [2m/api/admin/all-scripts[0m
[2m  23:04:02[0m [32m[1mGET    [0m [32m[1m200[0m [32m   938µs[0m [2m/api/admin/all-scripts[0m
[2m  23:04:07[0m [32m[1mGET    [0m [32m[1m200[0m [32m   605µs[0m [2m/api/admin/all-scripts[0m
[2m  23:04:12[0m [32m[1mGET    [0m [32m[1m200[0m [32m 1.058ms[0m [2m/api/admin/all-scripts[0m
[2m  23:04:17[0m [32m[1mGET    [0m [32m[1m200[0m [32m   884µs[0m [2m/api/admin/all-scripts[0m
[2m  23:04:22[0m [32m[1mGET    [0m [32m[1m200[0m [32m   978µs[0m [2m/api/admin/all-scripts[0m
[2m  23:04:27[0m [32m[1mGET    [0m [32m[1m200[0m [32m   705µs[0m [2m/api/admin/all-scripts[0m
[2m  23:04:32[0m [32m[1mGET    [0m [32m[1m200[0m [32m   860µs[0m [2m/api/admin/all-scripts[0m
[2m  23:04:37[0m [32m[1mGET    [0m [32m[1m200[0m [32m   495µs[0m [2m/api/admin/all-scripts[0m
[2m  23:04:42[0m [32m[1mGET    [0m [32m[1m200[0m [32m   855µs[0m [2m/api/admin/all-scripts[0m
[2m  23:04:47[0m [32m[1mGET    [0m [32m[1m200[0m [32m   878µs[0m [2m/api/admin/all-scripts[0m
[2m  23:04:52[0m [32m[1mGET    [0m [32m[1m200[0m [32m   916µs[0m [2m/api/admin/all-scripts[0m
[2m  23:04:57[0m [32m[1mGET    [0m [32m[1m200[0m [32m   826µs[0m [2m/api/admin/all-scripts[0m
[2m  23:05:02[0m [32m[1mGET    [0m [32m[1m200[0m [32m 1.057ms[0m [2m/api/admin/all-scripts[0m
[2m  23:05:07[0m [32m[1mGET    [0m [32m[1m200[0m [32m   859µs[0m [2m/api/admin/all-scripts[0m
[2m  23:05:12[0m [32m[1mGET    [0m [32m[1m200[0m [32m 1.071ms[0m [2m/api/admin/all-scripts[0m
[2m  23:05:17[0m [32m[1mGET    [0m [32m[1m200[0m [32m   881µs[0m [2m/api/admin/all-scripts[0m
[2m  23:05:22[0m [32m[1mGET    [0m [32m[1m200[0m [32m   934µs[0m [2m/api/admin/all-scripts[0m
[2m  23:05:27[0m [32m[1mGET    [0m [32m[1m200[0m [32m   932µs[0m [2m/api/admin/all-scripts[0m
[2m  23:05:32[0m [32m[1mGET    [0m [32m[1m200[0m [32m 1.023ms[0m [2m/api/admin/all-scripts[0m
[2m  23:05:37[0m [32m[1mGET    [0m [32m[1m200[0m [32m   630µs[0m [2m/api/admin/all-scripts[0m
[2m  23:05:42[0m [32m[1mGET    [0m [32m[1m200[0m [32m   911µs[0m [2m/api/admin/all-scripts[0m
[2m  23:05:47[0m [32m[1mGET    [0m [32m[1m200[0m [32m   912µs[0m [2m/api/admin/all-scripts[0m
[2m  23:05:52[0m [32m[1mGET    [0m [32m[1m200[0m [32m   947µs[0m [2m/api/admin/all-scripts[0m
[2m  23:05:57[0m [32m[1mGET    [0m [32m[1m200[0m [32m   919µs[0m [2m/api/admin/all-scripts[0m
[2m  23:06:02[0m [32m[1mGET    [0m [32m[1m200[0m [32m   924µs[0m [2m/api/admin/all-scripts[0m
[2m  23:06:07[0m [32m[1mGET    [0m [32m[1m200[0m [32m   473µs[0m [2m/api/admin/all-scripts[0m
[2m  23:06:12[0m [32m[1mGET    [0m [32m[1m200[0m [32m   837µs[0m [2m/api/admin/all-scripts[0m
[2m  23:06:17[0m [32m[1mGET    [0m [32m[1m200[0m [32m   974µs[0m [2m/api/admin/all-scripts[0m
[2m  23:06:22[0m [32m[1mGET    [0m [32m[1m200[0m [32m   864µs[0m [2m/api/admin/all-scripts[0m
[2m  23:06:27[0m [32m[1mGET    [0m [32m[1m200[0m [32m 1.036ms[0m [2m/api/admin/all-scripts[0m
[2m  23:06:32[0m [32m[1mGET    [0m [32m[1m200[0m [32m   837µs[0m [2m/api/admin/all-scripts[0m
[2m  23:06:37[0m [32m[1mGET    [0m [32m[1m200[0m [32m   489µs[0m [2m/api/admin/all-scripts[0m
[2m  23:06:42[0m [32m[1mGET    [0m [32m[1m200[0m [32m   957µs[0m [2m/api/admin/all-scripts[0m
[2m  23:06:47[0m [32m[1mGET    [0m [32m[1m200[0m [32m   988µs[0m [2m/api/admin/all-scripts[0m
[2m  23:06:52[0m [32m[1mGET    [0m [32m[1m200[0m [32m 1.023ms[0m [2m/api/admin/all-scripts[0m
[2m  23:06:57[0m [32m[1mGET    [0m [32m[1m200[0m [32m 1.181ms[0m [2m/api/admin/all-scripts[0m
[2m  23:07:02[0m [32m[1mGET    [0m [32m[1m200[0m [32m   880µs[0m [2m/api/admin/all-scripts[0m
[2m  23:07:07[0m [32m[1mGET    [0m [32m[1m200[0m [32m   473µs[0m [2m/api/admin/all-scripts[0m
[2m  23:07:12[0m [32m[1mGET    [0m [32m[1m200[0m [32m   925µs[0m [2m/api/admin/all-scripts[0m
[2m  23:07:17[0m [32m[1mGET    [0m [32m[1m200[0m [32m 1.177ms[0m [2m/api/admin/all-scripts[0m
[2m  23:07:22[0m [32m[1mGET    [0m [32m[1m200[0m [32m   910µs[0m [2m/api/admin/all-scripts[0m
[2m  23:07:27[0m [32m[1mGET    [0m [32m[1m200[0m [32m   949µs[0m [2m/api/admin/all-scripts[0m
[2m  23:07:32[0m [32m[1mGET    [0m [32m[1m200[0m [32m   924µs[0m [2m/api/admin/all-scripts[0m
[2m  23:07:37[0m [32m[1mGET    [0m [32m[1m200[0m [32m   453µs[0m [2m/api/admin/all-scripts[0m
[2m  23:07:42[0m [32m[1mGET    [0m [32m[1m200[0m [32m   958µs[0m [2m/api/admin/all-scripts[0m
[2m  23:07:47[0m [32m[1mGET    [0m [32m[1m200[0m [32m   891µs[0m [2m/api/admin/all-scripts[0m
[2m  23:07:52[0m [32m[1mGET    [0m [32m[1m200[0m [32m   890µs[0m [2m/api/admin/all-scripts[0m
[2m  23:07:57[0m [32m[1mGET    [0m [32m[1m200[0m [32m 1.217ms[0m [2m/api/admin/all-scripts[0m
[2m  23:08:02[0m [32m[1mGET    [0m [32m[1m200[0m [32m   879µs[0m [2m/api/admin/all-scripts[0m
[2m  23:08:07[0m [32m[1mGET    [0m [32m[1m200[0m [32m   558µs[0m [2m/api/admin/all-scripts[0m
[2m  23:08:12[0m [32m[1mGET    [0m [32m[1m200[0m [32m   926µs[0m [2m/api/admin/all-scripts[0m
[2m  23:08:17[0m [32m[1mGET    [0m [32m[1m200[0m [32m 1.159ms[0m [2m/api/admin/all-scripts[0m
[2m  23:08:22[0m [32m[1mGET    [0m [32m[1m200[0m [32m 1.339ms[0m [2m/api/admin/all-scripts[0m
[2m  23:08:27[0m [32m[1mGET    [0m [32m[1m200[0m [32m 1.034ms[0m [2m/api/admin/all-scripts[0m
[2m  23:08:32[0m [32m[1mGET    [0m [32m[1m200[0m [32m   855µs[0m [2m/api/admin/all-scripts[0m
[2m  23:08:37[0m [32m[1mGET    [0m [32m[1m200[0m [32m   618µs[0m [2m/api/admin/all-scripts[0m
[2m  23:08:42[0m [32m[1mGET    [0m [32m[1m200[0m [32m   942µs[0m [2m/api/admin/all-scripts[0m
[2m  23:08:47[0m [32m[1mGET    [0m [32m[1m200[0m [32m   654µs[0m [2m/api/admin/all-scripts[0m
[2m  23:08:52[0m [32m[1mGET    [0m [32m[1m200[0m [32m   696µs[0m [2m/api/admin/all-scripts[0m
[2m  23:08:57[0m [32m[1mGET    [0m [32m[1m200[0m [32m   920µs[0m [2m/api/admin/all-scripts[0m
[2m  23:09:02[0m [32m[1mGET    [0m [32m[1m200[0m [32m 1.008ms[0m [2m/api/admin/all-scripts[0m
[2m  23:09:07[0m [32m[1mGET    [0m [32m[1m200[0m [32m   643µs[0m [2m/api/admin/all-scripts[0m
[2m  23:09:12[0m [32m[1mGET    [0m [32m[1m200[0m [32m   933µs[0m [2m/api/admin/all-scripts[0m
[2m  23:09:17[0m [32m[1mGET    [0m [32m[1m200[0m [32m   902µs[0m [2m/api/admin/all-scripts[0m
[2m  23:09:22[0m [32m[1mGET    [0m [32m[1m200[0m [32m 1.023ms[0m [2m/api/admin/all-scripts[0m
[2m  23:09:27[0m [32m[1mGET    [0m [32m[1m200[0m [32m   584µs[0m [2m/api/admin/all-scripts[0m
[2m  23:09:32[0m [32m[1mGET    [0m [32m[1m200[0m [32m   852µs[0m [2m/api/admin/all-scripts[0m
[2m  23:09:37[0m [32m[1mGET    [0m [32m[1m200[0m [32m   521µs[0m [2m/api/admin/all-scripts[0m
[2m  23:09:42[0m [32m[1mGET    [0m [32m[1m200[0m [32m   986µs[0m [2m/api/admin/all-scripts[0m
[2m  23:09:47[0m [32m[1mGET    [0m [32m[1m200[0m [32m 1.103ms[0m [2m/api/admin/all-scripts[0m
[2m  23:09:52[0m [32m[1mGET    [0m [32m[1m200[0m [32m   885µs[0m [2m/api/admin/all-scripts[0m
[2m  23:09:57[0m [32m[1mGET    [0m [32m[1m200[0m [32m  1.22ms[0m [2m/api/admin/all-scripts[0m
[2m  23:10:02[0m [32m[1mGET    [0m [32m[1m200[0m [32m   962µs[0m [2m/api/admin/all-scripts[0m
[2m  23:10:07[0m [32m[1mGET    [0m [32m[1m200[0m [32m   535µs[0m [2m/api/admin/all-scripts[0m
[2m  23:10:12[0m [32m[1mGET    [0m [32m[1m200[0m [32m 1.104ms[0m [2m/api/admin/all-scripts[0m
[2m  23:10:17[0m [32m[1mGET    [0m [32m[1m200[0m [32m 1.087ms[0m [2m/api/admin/all-scripts[0m
[2m  23:10:22[0m [32m[1mGET    [0m [32m[1m200[0m [32m   900µs[0m [2m/api/admin/all-scripts[0m
[2m  23:10:27[0m [32m[1mGET    [0m [32m[1m200[0m [32m 1.007ms[0m [2m/api/admin/all-scripts[0m
[2m  23:10:32[0m [32m[1mGET    [0m [32m[1m200[0m [32m   884µs[0m [2m/api/admin/all-scripts[0m
[2m  23:10:37[0m [32m[1mGET    [0m [32m[1m200[0m [32m 1.112ms[0m [2m/api/admin/all-scripts[0m
[2m  23:10:42[0m [32m[1mGET    [0m [32m[1m200[0m [32m   930µs[0m [2m/api/admin/all-scripts[0m
[2m  23:10:47[0m [32m[1mGET    [0m [32m[1m200[0m [32m   913µs[0m [2m/api/admin/all-scripts[0m
[2m  23:10:52[0m [32m[1mGET    [0m [32m[1m200[0m [32m 1.031ms[0m [2m/api/admin/all-scripts[0m
[2m  23:10:57[0m [32m[1mGET    [0m [32m[1m200[0m [32m 1.193ms[0m [2m/api/admin/all-scripts[0m
[2m  23:11:02[0m [32m[1mGET    [0m [32m[1m200[0m [32m   820µs[0m [2m/api/admin/all-scripts[0m
[2m  23:11:07[0m [32m[1mGET    [0m [32m[1m200[0m [32m   490µs[0m [2m/api/admin/all-scripts[0m
[2m  23:11:12[0m [32m[1mGET    [0m [32m[1m200[0m [32m   922µs[0m [2m/api/admin/all-scripts[0m
[2m  23:11:17[0m [32m[1mGET    [0m [32m[1m200[0m [32m   960µs[0m [2m/api/admin/all-scripts[0m
[2m  23:11:22[0m [32m[1mGET    [0m [32m[1m200[0m [32m   898µs[0m [2m/api/admin/all-scripts[0m
[2m  23:11:27[0m [32m[1mGET    [0m [32m[1m200[0m [32m   932µs[0m [2m/api/admin/all-scripts[0m
[2m  23:11:32[0m [32m[1mGET    [0m [32m[1m200[0m [32m   838µs[0m [2m/api/admin/all-scripts[0m
[2m  23:11:37[0m [32m[1mGET    [0m [32m[1m200[0m [32m   483µs[0m [2m/api/admin/all-scripts[0m
[2m  23:11:42[0m [32m[1mGET    [0m [32m[1m200[0m [32m   890µs[0m [2m/api/admin/all-scripts[0m
[2m  23:11:47[0m [32m[1mGET    [0m [32m[1m200[0m [32m   926µs[0m [2m/api/admin/all-scripts[0m
[2m  23:11:52[0m [32m[1mGET    [0m [32m[1m200[0m [32m   848µs[0m [2m/api/admin/all-scripts[0m
[2m  23:11:57[0m [32m[1mGET    [0m [32m[1m200[0m [32m 1.077ms[0m [2m/api/admin/all-scripts[0m
[2m  23:12:02[0m [32m[1mGET    [0m [32m[1m200[0m [32m   951µs[0m [2m/api/admin/all-scripts[0m
[2m  23:12:07[0m [32m[1mGET    [0m [32m[1m200[0m [32m   767µs[0m [2m/api/admin/all-scripts[0m
[2m  23:12:12[0m [32m[1mGET    [0m [32m[1m200[0m [32m   354µs[0m [2m/api/admin/all-scripts[0m
[2m  23:12:17[0m [32m[1mGET    [0m [32m[1m200[0m [32m   899µs[0m [2m/api/admin/all-scripts[0m
[2m  23:12:22[0m [32m[1mGET    [0m [32m[1m200[0m [32m   901µs[0m [2m/api/admin/all-scripts[0m
[2m  23:12:27[0m [32m[1mGET    [0m [32m[1m200[0m [32m   989µs[0m [2m/api/admin/all-scripts[0m
[2m  23:12:32[0m [32m[1mGET    [0m [32m[1m200[0m [32m   925µs[0m [2m/api/admin/all-scripts[0m
[2m  23:12:37[0m [32m[1mGET    [0m [32m[1m200[0m [32m   416µs[0m [2m/api/admin/all-scripts[0m
[2m  23:12:42[0m [32m[1mGET    [0m [32m[1m200[0m [32m   938µs[0m [2m/api/admin/all-scripts[0m
[2m  23:12:47[0m [32m[1mGET    [0m [32m[1m200[0m [32m   842µs[0m [2m/api/admin/all-scripts[0m
[2m  23:12:52[0m [32m[1mGET    [0m [32m[1m200[0m [32m   953µs[0m [2m/api/admin/all-scripts[0m
[2m  23:12:57[0m [32m[1mGET    [0m [32m[1m200[0m [32m   630µs[0m [2m/api/admin/all-scripts[0m
[2m  23:13:02[0m [32m[1mGET    [0m [32m[1m200[0m [32m   866µs[0m [2m/api/admin/all-scripts[0m
[2m  23:13:07[0m [32m[1mGET    [0m [32m[1m200[0m [32m   553µs[0m [2m/api/admin/all-scripts[0m
[2m  23:13:12[0m [32m[1mGET    [0m [32m[1m200[0m [32m   930µs[0m [2m/api/admin/all-scripts[0m
[2m  23:13:17[0m [32m[1mGET    [0m [32m[1m200[0m [32m   960µs[0m [2m/api/admin/all-scripts[0m
[2m  23:13:22[0m [32m[1mGET    [0m [32m[1m200[0m [32m   929µs[0m [2m/api/admin/all-scripts[0m
[2m  23:13:27[0m [32m[1mGET    [0m [32m[1m200[0m [32m   887µs[0m [2m/api/admin/all-scripts[0m
[2m  23:13:32[0m [32m[1mGET    [0m [32m[1m200[0m [32m   949µs[0m [2m/api/admin/all-scripts[0m
[2m  23:13:37[0m [32m[1mGET    [0m [32m[1m200[0m [32m   523µs[0m [2m/api/admin/all-scripts[0m
[2m  23:13:42[0m [32m[1mGET    [0m [32m[1m200[0m [32m   495µs[0m [2m/api/admin/all-scripts[0m
[2m  23:13:47[0m [32m[1mGET    [0m [32m[1m200[0m [32m   872µs[0m [2m/api/admin/all-scripts[0m
[2m  23:13:52[0m [32m[1mGET    [0m [32m[1m200[0m [32m   919µs[0m [2m/api/admin/all-scripts[0m
[2m  23:13:57[0m [32m[1mGET    [0m [32m[1m200[0m [32m   648µs[0m [2m/api/admin/all-scripts[0m
[2m  23:14:02[0m [32m[1mGET    [0m [32m[1m200[0m [32m   938µs[0m [2m/api/admin/all-scripts[0m
[2m  23:14:07[0m [32m[1mGET    [0m [32m[1m200[0m [32m   234µs[0m [2m/api/admin/all-scripts[0m
[2m  23:14:12[0m [32m[1mGET    [0m [32m[1m200[0m [32m 1.061ms[0m [2m/api/admin/all-scripts[0m
[2m  23:14:17[0m [32m[1mGET    [0m [32m[1m200[0m [32m   584µs[0m [2m/api/admin/all-scripts[0m
[2m  23:14:22[0m [32m[1mGET    [0m [32m[1m200[0m [32m   574µs[0m [2m/api/admin/all-scripts[0m
[2m  23:14:27[0m [32m[1mGET    [0m [32m[1m200[0m [32m   106µs[0m [2m/admin[0m
[2m  23:14:27[0m [32m[1mGET    [0m [32m[1m200[0m [32m   170µs[0m [2m/admin/assets/index-CIXXlcQP.js[0m
[2m  23:14:27[0m [32m[1mGET    [0m [32m[1m200[0m [32m   211µs[0m [2m/admin/assets/index-CPWc46Bf.css[0m
[2m  23:14:27[0m [32m[1mGET    [0m [32m[1m200[0m [32m   162µs[0m [2m/admin/assets/DashboardLayout-CXlzWUif.js[0m
[2m  23:14:27[0m [32m[1mGET    [0m [32m[1m200[0m [32m   103µs[0m [2m/admin/assets/GlobalScriptsView-DpXduodw.js[0m
[2m  23:14:27[0m [32m[1mGET    [0m [32m[1m200[0m [32m   118µs[0m [2m/admin/assets/DashboardLayout-1KJHBhug.css[0m
[2m  23:14:27[0m [32m[1mGET    [0m [32m[1m200[0m [32m   110µs[0m [2m/admin/assets/usePolling-CC8UDJpA.js[0m
[2m  23:14:27[0m [32m[1mGET    [0m [32m[1m200[0m [32m    91µs[0m [2m/admin/assets/ConfirmModal-B6oBZFKt.css[0m
[2m  23:14:27[0m [32m[1mGET    [0m [32m[1m200[0m [32m   277µs[0m [2m/admin/assets/ConfirmModal-CQnNCSWT.js[0m
[2m  23:14:27[0m [32m[1mGET    [0m [32m[1m200[0m [32m   324µs[0m [2m/api/admin/all-scripts[0m
[2m  23:14:28[0m [32m[1mGET    [0m [32m[1m200[0m [32m   353µs[0m [2m/admin/assets/LoginView-Cn_1XxzH.css[0m
[2m  23:14:28[0m [32m[1mGET    [0m [32m[1m200[0m [32m   761µs[0m [2m/admin/assets/LoginView-BwX3DdYK.js[0m
[2m  23:14:29[0m [32m[1mGET    [0m [32m[1m200[0m [32m    93µs[0m [2m/api/auth/public-key[0m
[2m  23:14:29[0m [36m[1mPOST   [0m [32m[1m200[0m [32m91.024ms[0m [2m/api/auth/login[0m
[2m  23:14:29[0m [32m[1mGET    [0m [32m[1m200[0m [32m   187µs[0m [2m/admin/assets/ConsoleView-npIFzKOp.css[0m
[2m  23:14:29[0m [32m[1mGET    [0m [32m[1m200[0m [32m   379µs[0m [2m/admin/assets/ConsoleView-BIP4zod3.js[0m
[2m  23:14:29[0m [32m[1mGET    [0m [32m[1m200[0m [32m   423µs[0m [2m/api/admin/users[0m
[2m  23:14:29[0m [32m[1mGET    [0m [32m[1m200[0m [32m   153µs[0m [2m/api/admin/all-servers[0m
[2m  23:14:29[0m [32m[1mGET    [0m [32m[1m200[0m [32m   170µs[0m [2m/api/admin/audit-logs[0m
[2m  23:14:29[0m [32m[1mGET    [0m [32m[1m200[0m [32m   208µs[0m [2m/api/admin/system/info[0m
[2m  23:14:32[0m [32m[1mGET    [0m [32m[1m200[0m [32m   473µs[0m [2m/admin/assets/UsersView-r3tAlh6H.css[0m
[2m  23:14:32[0m [32m[1mGET    [0m [32m[1m200[0m [32m   769µs[0m [2m/admin/assets/UsersView-D-iIjHcf.js[0m
[2m  23:14:32[0m [32m[1mGET    [0m [32m[1m200[0m [32m   508µs[0m [2m/api/admin/users[0m
[2m  23:14:33[0m [32m[1mGET    [0m [32m[1m200[0m [32m   389µs[0m [2m/admin/assets/SystemView-CLN1mzZt.js[0m
[2m  23:14:33[0m [32m[1mGET    [0m [32m[1m200[0m [32m   928µs[0m [2m/api/admin/system/info[0m
[2m  23:14:34[0m [32m[1mGET    [0m [32m[1m200[0m [32m   358µs[0m [2m/admin/assets/GlobalServersView-D--jsiNv.js[0m
[2m  23:14:34[0m [32m[1mGET    [0m [32m[1m200[0m [32m 1.504ms[0m [2m/api/admin/all-servers[0m
[2m  23:14:35[0m [32m[1mGET    [0m [32m[1m200[0m [32m   944µs[0m [2m/api/admin/system/info[0m
[2m  23:14:35[0m [32m[1mGET    [0m [32m[1m200[0m [32m  1.09ms[0m [2m/api/admin/all-scripts[0m
[2m  23:14:36[0m [32m[1mGET    [0m [32m[1m200[0m [32m   631µs[0m [2m/api/admin/all-servers[0m
[2m  23:14:37[0m [32m[1mGET    [0m [32m[1m200[0m [32m 5.404ms[0m [2m/api/admin/system/info[0m
[2m  23:14:42[0m [32m[1mGET    [0m [32m[1m200[0m [32m   862µs[0m [2m/api/admin/system/info[0m
signal: killed
